iteration=18001 lr_share=0.999 decisions=36392 policy_loss=-0.0101 entropy=0.929 magnet_kl=0.0223 belief_loss=1.17 clip_fraction=0.0303 approx_kl=0.00324 policy_grad_norm=0.622 value_loss=1.87 critic_grad_norm=1.78 skipped_steps=0 value_ev=0.793 mean_reward=-97.3 declared={'plain': 0.097, 'clubs': 0.178, 'flip': 0.4689, 'halves': 0.2562} level=10.8 made=0.388 collect_s=1.3 update_s=3 league={'members': 50, 'against': {'learner-16000': [92, 0.448], 'exploiter-15600': [90, 0.445], 'learner-17840': [79, 0.442], 'exploiter-17600': [90, 0.466], 'learner-17280': [86, 0.46], 'learner-15360': [89, 0.448], 'exploiter-14400': [69, 0.458], 'exploiter-15200': [72, 0.449]}} time=1790798728
iteration=18002 lr_share=0.998 decisions=36899 policy_loss=-0.00746 entropy=0.924 magnet_kl=0.0217 belief_loss=1.18 clip_fraction=0.0264 approx_kl=0.00266 policy_grad_norm=0.515 value_loss=1.85 critic_grad_norm=1.89 skipped_steps=0 value_ev=0.743 mean_reward=-35.3 declared={'plain': 0.0752, 'clubs': 0.1234, 'flip': 0.5262, 'halves': 0.2752} level=10.8 made=0.367 collect_s=0.9 update_s=0.9 league={'members': 50, 'against': {'learner-17760': [82, 0.456], 'learner-16640': [96, 0.462], 'learner-11520': [73, 0.473], 'exploiter-16400': [85, 0.46], 'exploiter-17600': [71, 0.47], 'learner-10240': [85, 0.456], 'exploiter-14800': [76, 0.459], 'exploiter-15400': [85, 0.45]}} time=1790798730
iteration=18003 lr_share=0.997 decisions=36756 policy_loss=-0.00962 entropy=0.926 magnet_kl=0.0214 belief_loss=1.17 clip_fraction=0.0304 approx_kl=0.00307 policy_grad_norm=0.524 value_loss=1.86 critic_grad_norm=1.88 skipped_steps=0 value_ev=0.793 mean_reward=-78.6 declared={'plain': 0.0812, 'clubs': 0.1387, 'flip': 0.4874, 'halves': 0.2927} level=10.9 made=0.373 collect_s=1 update_s=0.9 league={'members': 50, 'against': {'exploiter-15400': [80, 0.448], 'learner-10240': [87, 0.457], 'exploiter-16600': [72, 0.456], 'exploiter-17000': [69, 0.477], 'learner-18000': [170, 0.453], 'exploiter-15000': [91, 0.48], 'exploiter-14400': [95, 0.461]}} time=1790798732
iteration=18004 lr_share=0.996 decisions=36283 policy_loss=-0.011 entropy=0.913 magnet_kl=0.0229 belief_loss=1.17 clip_fraction=0.0313 approx_kl=0.00366 policy_grad_norm=0.593 value_loss=1.75 critic_grad_norm=1.72 skipped_steps=0 value_ev=0.838 mean_reward=-97 declared={'plain': 0.091, 'clubs': 0.1429, 'flip': 0.4874, 'halves': 0.2787} level=10.9 made=0.374 collect_s=0.9 update_s=0.9 league={'members': 50, 'against': {'learner-17440': [88, 0.463], 'exploiter-15400': [82, 0.443], 'learner-17920': [175, 0.474], 'exploiter-14400': [80, 0.463], 'learner-15360': [84, 0.45], 'learner-16960': [95, 0.458], 'exploiter-16800': [70, 0.452]}} time=1790798734
iteration=18005 lr_share=0.996 decisions=36440 policy_loss=-0.00903 entropy=0.905 magnet_kl=0.0233 belief_loss=1.17 clip_fraction=0.0339 approx_kl=0.00372 policy_grad_norm=0.57 value_loss=1.76 critic_grad_norm=1.79 skipped_steps=0 value_ev=0.841 mean_reward=-93.5 declared={'plain': 0.0841, 'clubs': 0.1641, 'flip': 0.4772, 'halves': 0.2745} level=10.8 made=0.349 collect_s=0.9 update_s=0.9 league={'members': 50, 'against': {'exploiter-17600': [172, 0.461], 'exploiter-14800': [87, 0.46], 'exploiter-17000': [86, 0.469], 'learner-17990': [77, 0.43], 'exploiter-14200': [84, 0.478], 'learner-5120': [90, 0.446], 'exploiter-16400': [82, 0.465]}} time=1790798736
iteration=18006 lr_share=0.995 decisions=36573 policy_loss=-0.00998 entropy=0.902 magnet_kl=0.0242 belief_loss=1.17 clip_fraction=0.029 approx_kl=0.00333 policy_grad_norm=0.567 value_loss=1.83 critic_grad_norm=1.8 skipped_steps=0 value_ev=0.852 mean_reward=-109 declared={'plain': 0.0822, 'clubs': 0.1713, 'flip': 0.4861, 'halves': 0.2604} level=10.8 made=0.376 collect_s=0.8 update_s=0.9 league={'members': 50, 'against': {'learner-17900': [74, 0.424], 'exploiter-17600': [161, 0.453], 'learner-17800': [81, 0.466], 'learner-14720': [97, 0.464], 'exploiter-18000': [98, 0.455], 'exploiter-14200': [162, 0.472]}} time=1790798738
iteration=18007 lr_share=0.994 decisions=35839 policy_loss=-0.00912 entropy=0.905 magnet_kl=0.0226 belief_loss=1.17 clip_fraction=0.0329 approx_kl=0.00333 policy_grad_norm=0.515 value_loss=1.79 critic_grad_norm=1.72 skipped_steps=0 value_ev=0.8 mean_reward=-55.5 declared={'plain': 0.0985, 'clubs': 0.1716, 'flip': 0.4641, 'halves': 0.2658} level=10.8 made=0.399 collect_s=0.8 update_s=0.9 league={'members': 50, 'against': {'exploiter-14200': [89, 0.466], 'learner-17960': [97, 0.424], 'exploiter-17400': [82, 0.461], 'learner-17900': [88, 0.426], 'learner-17970': [74, 0.454], 'exploiter-16200': [80, 0.444], 'exploiter-16800': [161, 0.461]}} time=1790798739
iteration=18008 lr_share=0.993 decisions=36612 policy_loss=-0.00546 entropy=0.905 magnet_kl=0.0204 belief_loss=1.17 clip_fraction=0.0323 approx_kl=0.00355 policy_grad_norm=0.547 value_loss=1.82 critic_grad_norm=1.83 skipped_steps=0 value_ev=0.787 mean_reward=-85.4 declared={'plain': 0.0805, 'clubs': 0.1473, 'flip': 0.4857, 'halves': 0.2865} level=10.8 made=0.394 collect_s=0.9 update_s=0.9 league={'members': 50, 'against': {'learner-11520': [83, 0.468], 'exploiter-17800': [78, 0.456], 'exploiter-16200': [90, 0.446], 'exploiter-15400': [170, 0.446], 'learner-16640': [77, 0.455], 'exploiter-16800': [76, 0.461], 'exploiter-17400': [84, 0.463]}} time=1790798741
iteration=18009 lr_share=0.992 decisions=37701 policy_loss=-0.0107 entropy=0.899 magnet_kl=0.0215 belief_loss=1.17 clip_fraction=0.03 approx_kl=0.0032 policy_grad_norm=0.537 value_loss=1.81 critic_grad_norm=1.75 skipped_steps=0 value_ev=0.797 mean_reward=-82.1 declared={'plain': 0.0705, 'clubs': 0.1531, 'flip': 0.5312, 'halves': 0.2453} level=10.9 made=0.382 collect_s=1.1 update_s=0.9 league={'members': 50, 'against': {'exploiter-17800': [77, 0.451], 'learner-17920': [75, 0.473], 'learner-17840': [104, 0.452], 'learner-7680': [74, 0.468], 'learner-17950': [75, 0.461], 'exploiter-17000': [68, 0.464], 'exploiter-18000': [92, 0.453], 'learner-14080': [73, 0.454]}} time=1790798744
iteration=18010 lr_share=0.991 decisions=36864 policy_loss=-0.00752 entropy=0.898 magnet_kl=0.0216 belief_loss=1.17 clip_fraction=0.0241 approx_kl=0.00282 policy_grad_norm=0.511 value_loss=1.76 critic_grad_norm=1.71 skipped_steps=0 value_ev=0.828 mean_reward=-76.2 declared={'plain': 0.0729, 'clubs': 0.1538, 'flip': 0.5209, 'halves': 0.2524} level=10.8 made=0.412 collect_s=1 update_s=0.9 league={'members': 50, 'against': {'exploiter-17600': [83, 0.452], 'learner-17940': [86, 0.435], 'exploiter-14600': [157, 0.452], 'learner-18000': [85, 0.412], 'learner-17680': [81, 0.457], 'learner-17280': [75, 0.454], 'exploiter-16000': [83, 0.441]}} vs_rulebot=214 vs_rulebot_ci95=38.5 vs_rulebot_roles={'declarer': 348.5, 'partner': 71.2, 'defender': -9.4, 'redeal': -5.4} eval_s=1.5 time=1790798747
iteration=18011 lr_share=0.99 decisions=35971 policy_loss=-0.00939 entropy=0.908 magnet_kl=0.0214 belief_loss=1.17 clip_fraction=0.0309 approx_kl=0.00359 policy_grad_norm=0.557 value_loss=1.72 critic_grad_norm=1.71 skipped_steps=0 value_ev=0.816 mean_reward=-61.9 declared={'plain': 0.0908, 'clubs': 0.1518, 'flip': 0.4723, 'halves': 0.2851} level=10.8 made=0.401 collect_s=1 update_s=0.9 league={'members': 50, 'against': {'exploiter-15200': [86, 0.441], 'learner-14080': [71, 0.451], 'learner-17980': [90, 0.479], 'exploiter-18000': [78, 0.45], 'exploiter-17400': [85, 0.458], 'exploiter-17600': [77, 0.454], 'exploiter-15400': [94, 0.45], 'learner-17880': [88, 0.492]}} time=1790798749
iteration=18012 lr_share=0.989 decisions=36177 policy_loss=-0.0114 entropy=0.902 magnet_kl=0.0223 belief_loss=1.17 clip_fraction=0.0283 approx_kl=0.00305 policy_grad_norm=0.528 value_loss=1.77 critic_grad_norm=1.85 skipped_steps=0 value_ev=0.82 mean_reward=-44.4 declared={'plain': 0.0943, 'clubs': 0.1771, 'flip': 0.44, 'halves': 0.2886} level=10.8 made=0.373 collect_s=0.9 update_s=0.9 league={'members': 50, 'against': {'exploiter-14600': [97, 0.448], 'learner-17280': [99, 0.46], 'learner-17440': [82, 0.464], 'learner-12800': [70, 0.466], 'exploiter-16600': [80, 0.455], 'learner-17970': [92, 0.459], 'exploiter-16400': [75, 0.46], 'exploiter-14200': [73, 0.464]}} time=1790798751
iteration=18013 lr_share=0.988 decisions=36258 policy_loss=-0.00483 entropy=0.908 magnet_kl=0.0222 belief_loss=1.17 clip_fraction=0.0248 approx_kl=0.00268 policy_grad_norm=0.534 value_loss=1.83 critic_grad_norm=1.77 skipped_steps=0 value_ev=0.768 mean_reward=-18.7 declared={'plain': 0.0779, 'clubs': 0.1878, 'flip': 0.4743, 'halves': 0.2601} level=10.8 made=0.384 collect_s=0.8 update_s=0.9 league={'members': 50, 'against': {'learner-17940': [78, 0.436], 'exploiter-15600': [166, 0.45], 'exploiter-17000': [79, 0.469], 'exploiter-17200': [262, 0.469], 'learner-5120': [86, 0.445]}} time=1790798753
iteration=18014 lr_share=0.987 decisions=36938 policy_loss=-0.00419 entropy=0.914 magnet_kl=0.0229 belief_loss=1.17 clip_fraction=0.0351 approx_kl=0.00369 policy_grad_norm=0.592 value_loss=1.76 critic_grad_norm=1.73 skipped_steps=0 value_ev=0.731 mean_reward=-63.7 declared={'plain': 0.0828, 'clubs': 0.1696, 'flip': 0.5073, 'halves': 0.2403} level=10.7 made=0.366 collect_s=0.9 update_s=0.9 league={'members': 50, 'against': {'exploiter-15000': [82, 0.485], 'learner-17940': [79, 0.443], 'rule': [83, 0.404], 'exploiter-15200': [69, 0.444], 'learner-17960': [81, 0.435], 'exploiter-16200': [88, 0.444], 'learner-10240': [88, 0.454], 'exploiter-17200': [87, 0.467]}} time=1790798755
iteration=18015 lr_share=0.987 decisions=35899 policy_loss=-0.00779 entropy=0.903 magnet_kl=0.0232 belief_loss=1.17 clip_fraction=0.034 approx_kl=0.0038 policy_grad_norm=0.675 value_loss=1.8 critic_grad_norm=1.74 skipped_steps=0 value_ev=0.806 mean_reward=-99.4 declared={'plain': 0.0659, 'clubs': 0.1655, 'flip': 0.4979, 'halves': 0.2707} level=10.8 made=0.397 collect_s=0.9 update_s=0.9 league={'members': 50, 'against': {'learner-17800': [203, 0.45], 'exploiter-14200': [88, 0.46], 'exploiter-15800': [76, 0.453], 'exploiter-16200': [70, 0.445], 'exploiter-16000': [77, 0.443], 'learner-17900': [76, 0.422], 'exploiter-17000': [73, 0.47]}} time=1790798756
iteration=18016 lr_share=0.986 decisions=36712 policy_loss=-0.0105 entropy=0.917 magnet_kl=0.0263 belief_loss=1.17 clip_fraction=0.0261 approx_kl=0.00335 policy_grad_norm=0.563 value_loss=1.82 critic_grad_norm=1.71 skipped_steps=0 value_ev=0.792 mean_reward=-104 declared={'plain': 0.0757, 'clubs': 0.1613, 'flip': 0.4769, 'halves': 0.2861} level=10.9 made=0.381 collect_s=1.2 update_s=0.9 league={'members': 50, 'against': {'exploiter-17600': [88, 0.46], 'exploiter-15000': [65, 0.48], 'learner-17880': [93, 0.485], 'learner-17940': [95, 0.448], 'exploiter-15400': [93, 0.453], 'learner-17280': [76, 0.457], 'exploiter-17800': [75, 0.446], 'exploiter-14200': [93, 0.466]}} time=1790798759
iteration=18017 lr_share=0.985 decisions=37453 policy_loss=-0.0135 entropy=0.922 magnet_kl=0.0251 belief_loss=1.17 clip_fraction=0.0296 approx_kl=0.00338 policy_grad_norm=0.517 value_loss=1.81 critic_grad_norm=1.77 skipped_steps=0 value_ev=0.821 mean_reward=-122 declared={'plain': 0.0833, 'clubs': 0.164, 'flip': 0.4934, 'halves': 0.2593} level=10.9 made=0.373 collect_s=1.4 update_s=1 league={'members': 50, 'against': {'learner-17280': [74, 0.456], 'learner-17600': [94, 0.469], 'exploiter-14800': [81, 0.459], 'learner-17990': [86, 0.44], 'rule': [74, 0.404], 'learner-16000': [74, 0.447], 'learner-16960': [81, 0.457], 'exploiter-17000': [75, 0.456]}} time=1790798761
iteration=18018 lr_share=0.984 decisions=36357 policy_loss=-0.0121 entropy=0.936 magnet_kl=0.0237 belief_loss=1.17 clip_fraction=0.0289 approx_kl=0.00341 policy_grad_norm=0.573 value_loss=1.79 critic_grad_norm=2.08 skipped_steps=0 value_ev=0.773 mean_reward=-113 declared={'plain': 0.0922, 'clubs': 0.1788, 'flip': 0.5042, 'halves': 0.2249} level=10.8 made=0.388 collect_s=1 update_s=0.9 league={'members': 50, 'against': {'exploiter-15400': [249, 0.451], 'exploiter-15200': [90, 0.446], 'exploiter-17000': [66, 0.453], 'learner-16960': [85, 0.458], 'learner-17760': [84, 0.448], 'learner-11520': [87, 0.467]}} time=1790798763
iteration=18019 lr_share=0.983 decisions=36791 policy_loss=-0.00813 entropy=0.929 magnet_kl=0.0248 belief_loss=1.17 clip_fraction=0.03 approx_kl=0.0035 policy_grad_norm=0.556 value_loss=1.85 critic_grad_norm=1.86 skipped_steps=0 value_ev=0.79 mean_reward=-101 declared={'plain': 0.1066, 'clubs': 0.1911, 'flip': 0.4543, 'halves': 0.2479} level=10.8 made=0.363 collect_s=1 update_s=0.9 league={'members': 50, 'against': {'learner-17760': [88, 0.44], 'learner-18000': [75, 0.426], 'learner-17440': [79, 0.46], 'exploiter-15200': [97, 0.444], 'exploiter-17800': [98, 0.448], 'exploiter-17400': [69, 0.455], 'exploiter-17200': [79, 0.465], 'exploiter-16400': [81, 0.466]}} time=1790798765
Traceback (most recent call last):
  File "<frozen runpy>", line 203, in _run_module_as_main
  File "<frozen runpy>", line 88, in _run_code
  File "/home/alex/danish-wist-training/learn/selfplay.py", line 2013, in <module>
    main()
    ~~~~^^
  File "/home/alex/danish-wist-training/learn/selfplay.py", line 1994, in main
    train(
    ~~~~~^
        policy,
        ^^^^^^^
    ...<12 lines>...
        graphed=args.graphed_update,
        ^^^^^^^^^^^^^^^^^^^^^^^^^^^^
    )
    ^
  File "/home/alex/danish-wist-training/learn/selfplay.py", line 1758, in train
    result = evaluate(runner, EVAL, field, eval_positions)
  File "/home/alex/danish-wist-training/learn/evaluate.py", line 93, in evaluate
    return evaluate_all(runner, [candidate], field, positions, record)[candidate]
           ~~~~~~~~~~~~^^^^^^^^^^^^^^^^^^^^^^^^^^^^^^^^^^^^^^^^^^^^^^^
  File "/home/alex/danish-wist-training/learn/evaluate.py", line 61, in evaluate_all
    played = {game: rest for game, *rest in runner.play(games, finish)}
                                            ~~~~~~~~~~~^^^^^^^^^^^^^^^
  File "/home/alex/danish-wist-training/learn/runner.py", line 279, in _play_in_workers
    raise error
  File "/home/alex/danish-wist-training/learn/runner.py", line 316, in _answer
    answers = iter(self.networks([entry for _, entries in questions for entry in entries]))
                   ~~~~~~~~~~~~~^^^^^^^^^^^^^^^^^^^^^^^^^^^^^^^^^^^^^^^^^^^^^^^^^^^^^^^^^^
  File "/home/alex/danish-wist-training/.venv/lib/python3.13/site-packages/torch/utils/_contextlib.py", line 124, in decorate_context
    return func(*args, **kwargs)
  File "/home/alex/danish-wist-training/learn/model.py", line 265, in __call__
    found = logits[rows, legal].cpu().numpy()
            ~~~~~~~~~~~~~~~~~~~~~~~^^
torch.AcceleratorError: CUDA error: unspecified launch failure
Search for `cudaErrorLaunchFailure' in https://docs.nvidia.com/cuda/cuda-runtime-api/group__CUDART__TYPES.html for more information.
CUDA kernel errors might be asynchronously reported at some other API call, so the stacktrace below might be incorrect.
For debugging consider passing CUDA_LAUNCH_BLOCKING=1
The CUDA driver logged these messages, which may provide useful details:
Returning 719 (CUDA_ERROR_LAUNCH_FAILED) from cuMemcpyDtoHAsync_v2


in the runner's networks
